// Vitest Snapshot v1, https://vitest.dev/guide/snapshot.html

exports[`Sprint T: MD 表 read-only 描画(display 枝 A) > 表 0 個: display DOM は差し替え前後で不変(golden・不変条件①) 1`] = `
"<span class="whitespace-pre-wrap break-words">問題文の 1 行目
2 行目 &lt; &amp; &gt; 記号あり</span>"
`;

exports[`Sprint T: MD 表 read-only 描画(display 枝 A) > 表入り: display DOM(golden — 差し替え後に <table> へ変わる) 1`] = `
"<span class="whitespace-pre-wrap break-words">まえがき

<table class="my-1 border-collapse text-sm"><thead><tr><th class="border border-slate-300 px-2 py-1 text-left align-top font-semibold [overflow-wrap:anywhere]">成分</th><th class="border border-slate-300 px-2 py-1 text-left align-top font-semibold [overflow-wrap:anywhere]">分量</th></tr></thead><tbody><tr><td class="border border-slate-300 px-2 py-1 align-top [overflow-wrap:anywhere]">A</td><td class="border border-slate-300 px-2 py-1 align-top [overflow-wrap:anywhere]">1</td></tr></tbody></table>

あとがき</span>"
`;
